gas used: 54685
access list:
- address: 0xC02aaA39b223FE8D0A0e5C4F27eAD9083C756Cc2
keys:
0x7fba2702a7d6e85ac783a88eacdc48e51310443458071f6db9ac66f8ca7068b8
- address: 0xBb2b8038a1640196FbE3e38816F3e67Cba72D940
keys:
0x0000000000000000000000000000000000000000000000000000000000000007
0x0000000000000000000000000000000000000000000000000000000000000008
0x000000000000000000000000000000000000000000000000000000000000000c
0x0000000000000000000000000000000000000000000000000000000000000006
- address: 0x2260FAC5E5542a773Aa44fBCfeDf7C193bc2C599
keys:
0x0d2a19d3ac39dc6cc6fd07423195495e18679bd8c7dd610aa1db7cd784a683a8
0x0000000000000000000000000000000000000000000000000000000000000005